[0/1] Planning build
Building for debugging...
[0/7] Write sources
[3/7] Write swift-version-7974D3F7F03D5E95.txt
[5/10] Compiling MurmurDictionary DictionaryEntry.swift
[6/10] Emitting module MurmurDictionary
/Users/runner/work/birdtown-flow/birdtown-flow/Sources/MurmurDictionary/DictionaryCorrector.swift:162:5: warning: 'public' modifier is redundant for static property declared in a public extension
160 |     /// or ambiguous audio they start inventing text from the vocabulary they were primed
161 |     /// with, which is a far worse failure than the misspelling it was meant to fix.
162 |     public static let biasLimit = 40
    |     `- warning: 'public' modifier is redundant for static property declared in a public extension
163 | 
164 |     /// - Returns: the correct spellings — `.term` words and the *write* side of corrections —

/Users/runner/work/birdtown-flow/birdtown-flow/Sources/MurmurDictionary/DictionaryCorrector.swift:166:5: warning: 'public' modifier is redundant for static method declared in a public extension
164 |     /// - Returns: the correct spellings — `.term` words and the *write* side of corrections —
165 |     ///   most recently useful first, capped at `biasLimit`.
166 |     public static func biasPhrases(from entries: [DictionaryEntry]) -> [String] {
    |     `- warning: 'public' modifier is redundant for static method declared in a public extension
167 |         var seen = Set<String>()
168 |         var phrases: [String] = []
[7/10] Compiling MurmurDictionary DictionaryCorrector.swift
/Users/runner/work/birdtown-flow/birdtown-flow/Sources/MurmurDictionary/DictionaryCorrector.swift:162:5: warning: 'public' modifier is redundant for static property declared in a public extension
160 |     /// or ambiguous audio they start inventing text from the vocabulary they were primed
161 |     /// with, which is a far worse failure than the misspelling it was meant to fix.
162 |     public static let biasLimit = 40
    |     `- warning: 'public' modifier is redundant for static property declared in a public extension
163 | 
164 |     /// - Returns: the correct spellings — `.term` words and the *write* side of corrections —

/Users/runner/work/birdtown-flow/birdtown-flow/Sources/MurmurDictionary/DictionaryCorrector.swift:166:5: warning: 'public' modifier is redundant for static method declared in a public extension
164 |     /// - Returns: the correct spellings — `.term` words and the *write* side of corrections —
165 |     ///   most recently useful first, capped at `biasLimit`.
166 |     public static func biasPhrases(from entries: [DictionaryEntry]) -> [String] {
    |     `- warning: 'public' modifier is redundant for static method declared in a public extension
167 |         var seen = Set<String>()
168 |         var phrases: [String] = []
[8/35] Emitting module MurmurKit
[9/47] Compiling MurmurKit HistoryDeletion.swift
[10/47] Compiling MurmurKit HistoryStore.swift
[11/47] Compiling MurmurKit ListSelection.swift
[12/47] Compiling MurmurKit RecordingLength.swift
[13/47] Compiling MurmurKit Retranscription.swift
[14/47] Compiling MurmurKit SearchHighlight.swift
[15/47] Compiling MurmurKit KeyShortcut.swift
[16/47] Compiling MurmurKit ModifierPairTap.swift
[17/47] Compiling MurmurKit ShortcutCapture.swift
[18/47] Compiling MurmurKit ShortcutRules.swift
[19/47] Compiling MurmurKit DictationFeedback.swift
[20/47] Compiling MurmurKit EngineFallback.swift
[21/47] Compiling MurmurKit Models.swift
[22/47] Compiling MurmurKit Readiness.swift
[23/47] Compiling MurmurKit ClaudeModel.swift
[24/47] Compiling MurmurKit Polish.swift
[25/47] Compiling MurmurKit PolishChunker.swift
[26/47] Compiling MurmurKit PolishDiagnostics.swift
[27/47] Compiling MurmurKit PolishLab.swift
[28/47] Compiling MurmurKit PolishTimeLimit.swift
[29/47] Compiling MurmurKit DictationStats.swift
[30/47] Compiling MurmurKit LibraryUsage.swift
[31/47] Compiling MurmurKit TimingLine.swift
[32/47] Compiling MurmurKit TimingRollup.swift
[33/47] Compiling MurmurKit AppCategoryResolver.swift
[34/47] Compiling MurmurKit BoostGuard.swift
[35/47] Compiling MurmurKit Cleanup.swift
[36/47] Compiling MurmurKit Regex.swift
[37/47] Compiling MurmurKit SnippetStore.swift
[38/47] Compiling MurmurKit TextPipeline.swift
[39/47] Compiling MurmurKit UndoableDeletion.swift
[40/47] Compiling MurmurKit SegmentLedger.swift
[41/47] Compiling MurmurKit SegmentPlanner.swift
[42/47] Compiling MurmurKit SegmentStitcher.swift
[43/47] Compiling MurmurKit TranscriptionTimeLimit.swift
[44/47] Compiling MurmurKit WAVQuantization.swift
[45/95] Compiling BirdtownFlow Settings.swift
[46/95] Compiling BirdtownFlow Sounds.swift
[47/95] Compiling BirdtownFlow SpeechSmokeTest.swift
[48/95] Compiling BirdtownFlow AppleSpeechEngine.swift
[49/95] Compiling BirdtownFlow HardDeadline.swift
[50/95] Compiling BirdtownFlow LongTranscription.swift
[51/95] Compiling BirdtownFlow ModelManager.swift
[52/95] Compiling BirdtownFlow ParakeetEngine.swift
[53/95] Compiling BirdtownFlow SegmentedTranscriber.swift
[54/95] Compiling BirdtownFlow TranscriptionEngine.swift
[55/95] Compiling BirdtownFlow VocabularyBooster.swift
[56/95] Compiling BirdtownFlow Brand.swift
[57/95] Compiling BirdtownFlow IconExporter.swift
[58/95] Compiling BirdtownFlow LogoPainter.swift
[59/95] Compiling BirdtownFlow SpectrumOrb.swift
[60/95] Compiling BirdtownFlow AppIcon.swift
[61/95] Compiling BirdtownFlow Badge.swift
[62/95] Compiling BirdtownFlow Banner.swift
[63/95] Compiling BirdtownFlow ButtonStyles.swift
[64/95] Compiling BirdtownFlow Card.swift
[65/95] Compiling BirdtownFlow EmptyState.swift
[66/95] Compiling BirdtownFlow FilterChip.swift
[67/95] Compiling BirdtownFlow FocusRing.swift
[68/118] Emitting module BirdtownFlow
[69/118] Compiling BirdtownFlow AppModel.swift
[70/118] Compiling BirdtownFlow MurmurApp.swift
[71/118] Compiling BirdtownFlow AudioDevices.swift
[72/118] Compiling BirdtownFlow AudioRecorder.swift
[73/118] Compiling BirdtownFlow DictationController.swift
[74/118] Compiling BirdtownFlow FrontmostContext.swift
[75/118] Compiling BirdtownFlow GlobalShortcut.swift
[76/118] Compiling BirdtownFlow HotkeyMonitor.swift
[77/118] Compiling BirdtownFlow IncrementalWAVWriter.swift
[78/118] Compiling BirdtownFlow LiveDictation.swift
[79/118] Compiling BirdtownFlow TextInjector.swift
[80/118] Compiling BirdtownFlow Watchdog.swift
[81/118] Compiling BirdtownFlow AppleIntelligencePolisher.swift
[82/118] Compiling BirdtownFlow ClaudeCodePolisher.swift
[83/118] Compiling BirdtownFlow Keychain.swift
[84/118] Compiling BirdtownFlow LabBench.swift
[85/118] Compiling BirdtownFlow PolishService.swift
[86/118] Compiling BirdtownFlow ProgressivePolisher.swift
[87/118] Compiling BirdtownFlow DictionaryStore.swift
[88/118] Compiling BirdtownFlow AppPaths.swift
[89/118] Compiling BirdtownFlow LaunchAtLogin.swift
[90/118] Compiling BirdtownFlow Log.swift
[91/118] Compiling BirdtownFlow Permissions.swift
[92/118] Compiling BirdtownFlow PermissionsMonitor.swift
[93/141] Compiling BirdtownFlow IconButton.swift
[94/141] Compiling BirdtownFlow KeyCap.swift
[95/141] Compiling BirdtownFlow LabeledInput.swift
[96/141] Compiling BirdtownFlow SearchField.swift
[97/141] Compiling BirdtownFlow SectionHeader.swift
[98/141] Compiling BirdtownFlow ShortcutRecorder.swift
[99/141] Compiling BirdtownFlow SpectrumProgressBar.swift
[100/141] Compiling BirdtownFlow StatTile.swift
[101/141] Compiling BirdtownFlow UndoToast.swift
[102/141] Compiling BirdtownFlow AppearanceSupport.swift
[103/141] Compiling BirdtownFlow Tokens+HUD.swift
[104/141] Compiling BirdtownFlow Tokens+History.swift
[105/141] Compiling BirdtownFlow Tokens.swift
[106/141] Compiling BirdtownFlow HUDController.swift
[107/141] Compiling BirdtownFlow HUDFilm.swift
[108/141] Compiling BirdtownFlow HUDState.swift
[109/141] Compiling BirdtownFlow HUDView.swift
[110/141] Compiling BirdtownFlow HUDWaveform.swift
[111/141] Compiling BirdtownFlow AudioPlayback.swift
[112/141] Compiling BirdtownFlow DictionaryView.swift
[113/141] Compiling BirdtownFlow HistoryFloatingBar.swift
[114/141] Compiling BirdtownFlow HistoryRow.swift
[115/141] Compiling BirdtownFlow HistoryView.swift
[116/141] Compiling BirdtownFlow HomeView.swift
[117/141] Compiling BirdtownFlow LabView.swift
[118/141] Compiling BirdtownFlow MainEnvironment.swift
[119/141] Compiling BirdtownFlow MainView.swift
[120/141] Compiling BirdtownFlow RetryTracker.swift
[121/141] Compiling BirdtownFlow SnippetsView.swift
[122/141] Compiling BirdtownFlow StyleView.swift
[123/141] Compiling BirdtownFlow ViewMemo.swift
[124/141] Compiling BirdtownFlow MenuBarContent.swift
[125/141] Compiling BirdtownFlow OnboardingView.swift
[126/141] Compiling BirdtownFlow OnboardingWindowController.swift
[127/141] Compiling BirdtownFlow SetupKit.swift
[128/141] Compiling BirdtownFlow SettingsPanes.swift
[129/141] Compiling BirdtownFlow SettingsView.swift
[130/141] Compiling BirdtownFlow SampleData.swift
[131/141] Compiling BirdtownFlow SnapshotCatalog+HUD.swift
[132/141] Compiling BirdtownFlow SnapshotCatalog+Lab.swift
[133/141] Compiling BirdtownFlow SnapshotCatalog+Library.swift
[134/141] Compiling BirdtownFlow SnapshotCatalog+Main.swift
[135/141] Compiling BirdtownFlow SnapshotCatalog+MenuBar.swift
[136/141] Compiling BirdtownFlow SnapshotCatalog+Setup.swift
[137/141] Compiling BirdtownFlow SnapshotCatalog+Shortcuts.swift
[138/141] Compiling BirdtownFlow SnapshotRenderer.swift
[138/141] Write Objects.LinkFileList
[139/141] Linking BirdtownFlow
[140/141] Applying BirdtownFlow
Build complete! (63.06s)
