[03:51:07.200] [INFO] [FluidAudio.AsrModels] Loading ASR models from: /Users/runner/Library/Application Support/FluidAudio/Models/parakeet-ultra
[03:51:07.205] [INFO] [FluidAudio.DownloadUtils] Host environment: macOS Version 26.6.2 (Build 25G83), arch=arm64, chip=Apple M1 (Virtual), cores=3/3, mem=7 GB, rosetta=false
[03:51:07.205] [INFO] [FluidAudio.DownloadUtils] Found parakeet-ultra locally, no download needed
[03:51:07.229] [INFO] [FluidAudio.AsrModels] Downloading ASR models to: /Users/runner/Library/Application Support/FluidAudio/Models/parakeet-tdt-0.6b-v3
[03:51:07.229] [INFO] [FluidAudio.DownloadUtils] Models not found in cache at /Users/runner/Library/Application Support/FluidAudio/Models/parakeet-tdt-0.6b-v3
[03:51:07.229] [INFO] [FluidAudio.DownloadUtils] Downloading parakeet-tdt-0.6b-v3 from HuggingFace...
[03:51:07.235] [INFO] [FluidAudio.DownloadUtils] Compiled model Preprocessor.mlmodelc in 29.16 ms :: macOS Version 26.6.2 (Build 25G83), arch=arm64, chip=Apple M1 (Virtual), cores=3/3, mem=7 GB, rosetta=false
[03:51:07.235] [INFO] [FluidAudio.AsrModels] Loaded Preprocessor.mlmodelc with compute units: cpuOnly
[03:51:07.235] [INFO] [FluidAudio.DownloadUtils] Found parakeet-ultra locally, no download needed
[03:51:07.639] [INFO] [FluidAudio.DownloadUtils] Compiled model Encoder.mlmodelc in 403.54 ms :: macOS Version 26.6.2 (Build 25G83), arch=arm64, chip=Apple M1 (Virtual), cores=3/3, mem=7 GB, rosetta=false
[03:51:07.639] [INFO] [FluidAudio.AsrModels] Loaded Encoder.mlmodelc with compute units: cpuAndNeuralEngine
[03:51:07.639] [INFO] [FluidAudio.DownloadUtils] Found parakeet-ultra locally, no download needed
[03:51:07.663] [INFO] [FluidAudio.DownloadUtils] Compiled model Decoder.mlmodelc in 22.92 ms :: macOS Version 26.6.2 (Build 25G83), arch=arm64, chip=Apple M1 (Virtual), cores=3/3, mem=7 GB, rosetta=false
[03:51:07.663] [INFO] [FluidAudio.DownloadUtils] Found parakeet-ultra locally, no download needed
[03:51:07.683] [INFO] [FluidAudio.DownloadUtils] Compiled model JointDecisionv3.mlmodelc in 20.05 ms :: macOS Version 26.6.2 (Build 25G83), arch=arm64, chip=Apple M1 (Virtual), cores=3/3, mem=7 GB, rosetta=false
[03:51:07.683] [INFO] [FluidAudio.AsrModels] Loaded JointDecisionv3.mlmodelc
[03:51:07.697] [INFO] [FluidAudio.AsrModels] Loaded vocabulary with 8192 tokens from /Users/runner/Library/Application Support/FluidAudio/Models/parakeet-ultra/parakeet_vocab.json
[03:51:07.697] [INFO] [FluidAudio.AsrModels] Successfully loaded all ASR models with optimized compute units
[03:51:08.911] [INFO] [FluidAudio.DownloadUtils] Found 23 files to download
[03:51:16.769] [INFO] [FluidAudio.DownloadUtils] Downloaded 10/23 files
[03:51:20.406] [INFO] [FluidAudio.DownloadUtils] Downloaded 20/23 files
[03:51:20.936] [INFO] [FluidAudio.DownloadUtils] Downloaded 23/23 files
[03:51:20.937] [INFO] [FluidAudio.DownloadUtils] Downloaded all required models for parakeet-tdt-0.6b-v3
[03:51:21.026] [INFO] [FluidAudio.DownloadUtils] Compiled model Preprocessor.mlmodelc in 88.88 ms :: macOS Version 26.6.2 (Build 25G83), arch=arm64, chip=Apple M1 (Virtual), cores=3/3, mem=7 GB, rosetta=false
[03:51:21.027] [INFO] [FluidAudio.DownloadUtils] Found parakeet-tdt-0.6b-v3 locally, no download needed
[03:51:28.963] [INFO] [FluidAudio.DownloadUtils] Compiled model Encoder.mlmodelc in 7935.14 ms :: macOS Version 26.6.2 (Build 25G83), arch=arm64, chip=Apple M1 (Virtual), cores=3/3, mem=7 GB, rosetta=false
[03:51:28.965] [INFO] [FluidAudio.DownloadUtils] Found parakeet-tdt-0.6b-v3 locally, no download needed
[03:51:29.261] [INFO] [FluidAudio.DownloadUtils] Compiled model Decoder.mlmodelc in 295.98 ms :: macOS Version 26.6.2 (Build 25G83), arch=arm64, chip=Apple M1 (Virtual), cores=3/3, mem=7 GB, rosetta=false
[03:51:29.262] [INFO] [FluidAudio.DownloadUtils] Found parakeet-tdt-0.6b-v3 locally, no download needed
[03:51:29.404] [INFO] [FluidAudio.DownloadUtils] Compiled model JointDecisionv3.mlmodelc in 141.34 ms :: macOS Version 26.6.2 (Build 25G83), arch=arm64, chip=Apple M1 (Virtual), cores=3/3, mem=7 GB, rosetta=false
[03:51:29.404] [INFO] [FluidAudio.AsrModels] Successfully downloaded ASR models
[03:51:29.405] [INFO] [FluidAudio.AsrModels] Loading ASR models from: /Users/runner/Library/Application Support/FluidAudio/Models/parakeet-tdt-0.6b-v3
[03:51:29.405] [INFO] [FluidAudio.DownloadUtils] Found parakeet-tdt-0.6b-v3 locally, no download needed
[03:51:29.421] [INFO] [FluidAudio.AsrModels] Loaded Preprocessor.mlmodelc with compute units: cpuOnly
[03:51:29.421] [INFO] [FluidAudio.DownloadUtils] Compiled model Preprocessor.mlmodelc in 15.56 ms :: macOS Version 26.6.2 (Build 25G83), arch=arm64, chip=Apple M1 (Virtual), cores=3/3, mem=7 GB, rosetta=false
[03:51:29.421] [INFO] [FluidAudio.DownloadUtils] Found parakeet-tdt-0.6b-v3 locally, no download needed
[03:51:29.544] [INFO] [FluidAudio.DownloadUtils] Compiled model Encoder.mlmodelc in 122.97 ms :: macOS Version 26.6.2 (Build 25G83), arch=arm64, chip=Apple M1 (Virtual), cores=3/3, mem=7 GB, rosetta=false
[03:51:29.544] [INFO] [FluidAudio.AsrModels] Loaded Encoder.mlmodelc with compute units: cpuAndNeuralEngine
[03:51:29.544] [INFO] [FluidAudio.DownloadUtils] Found parakeet-tdt-0.6b-v3 locally, no download needed
[03:51:29.561] [INFO] [FluidAudio.DownloadUtils] Compiled model Decoder.mlmodelc in 17.01 ms :: macOS Version 26.6.2 (Build 25G83), arch=arm64, chip=Apple M1 (Virtual), cores=3/3, mem=7 GB, rosetta=false
[03:51:29.561] [INFO] [FluidAudio.DownloadUtils] Found parakeet-tdt-0.6b-v3 locally, no download needed
[03:51:29.580] [INFO] [FluidAudio.DownloadUtils] Compiled model JointDecisionv3.mlmodelc in 18.25 ms :: macOS Version 26.6.2 (Build 25G83), arch=arm64, chip=Apple M1 (Virtual), cores=3/3, mem=7 GB, rosetta=false
[03:51:29.580] [INFO] [FluidAudio.AsrModels] Loaded JointDecisionv3.mlmodelc
[03:51:29.590] [INFO] [FluidAudio.AsrModels] Loaded vocabulary with 8192 tokens from /Users/runner/Library/Application Support/FluidAudio/Models/parakeet-tdt-0.6b-v3/parakeet_vocab.json
[03:51:29.590] [INFO] [FluidAudio.AsrModels] Successfully loaded all ASR models with optimized compute units
[03:51:31.020] [INFO] [FluidAudio.CtcModels] Preparing CTC models (Parakeet CTC 110M (hybrid)) at: /Users/runner/Library/Application Support/FluidAudio/Models/parakeet-ctc-110m-coreml
[03:51:31.021] [INFO] [FluidAudio.DownloadUtils] Models not found in cache at /Users/runner/Library/Application Support/FluidAudio/Models/parakeet-ctc-110m-coreml
[03:51:31.021] [INFO] [FluidAudio.DownloadUtils] Downloading parakeet-ctc-110m-coreml from HuggingFace...
[03:51:31.793] [INFO] [FluidAudio.DownloadUtils] Found 16 files to download
[03:51:37.134] [INFO] [FluidAudio.DownloadUtils] Downloaded 10/16 files
[03:51:38.196] [INFO] [FluidAudio.DownloadUtils] Downloaded 16/16 files
[03:51:38.196] [INFO] [FluidAudio.DownloadUtils] Downloaded all required models for parakeet-ctc-110m-coreml
[03:51:38.257] [INFO] [FluidAudio.DownloadUtils] Compiled model MelSpectrogram.mlmodelc in 59.83 ms :: macOS Version 26.6.2 (Build 25G83), arch=arm64, chip=Apple M1 (Virtual), cores=3/3, mem=7 GB, rosetta=false
[03:51:38.257] [INFO] [FluidAudio.DownloadUtils] Found parakeet-ctc-110m-coreml locally, no download needed
[03:51:42.765] [INFO] [FluidAudio.DownloadUtils] Compiled model AudioEncoder.mlmodelc in 4506.84 ms :: macOS Version 26.6.2 (Build 25G83), arch=arm64, chip=Apple M1 (Virtual), cores=3/3, mem=7 GB, rosetta=false
[03:51:42.766] [INFO] [FluidAudio.CtcModels] Successfully downloaded CTC models (Parakeet CTC 110M (hybrid))
[03:51:42.766] [INFO] [FluidAudio.CtcModels] Loading CTC models (Parakeet CTC 110M (hybrid)) from: /Users/runner/Library/Application Support/FluidAudio/Models/parakeet-ctc-110m-coreml
[03:51:42.766] [INFO] [FluidAudio.DownloadUtils] Found parakeet-ctc-110m-coreml locally, no download needed
[03:51:42.781] [INFO] [FluidAudio.DownloadUtils] Compiled model MelSpectrogram.mlmodelc in 14.33 ms :: macOS Version 26.6.2 (Build 25G83), arch=arm64, chip=Apple M1 (Virtual), cores=3/3, mem=7 GB, rosetta=false
[03:51:43.086] [INFO] [FluidAudio.DownloadUtils] Compiled model AudioEncoder.mlmodelc in 304.62 ms :: macOS Version 26.6.2 (Build 25G83), arch=arm64, chip=Apple M1 (Virtual), cores=3/3, mem=7 GB, rosetta=false
[03:51:43.088] [INFO] [FluidAudio.CtcModels] Loaded CTC vocabulary with 1024 tokens from /Users/runner/Library/Application Support/FluidAudio/Models/parakeet-ctc-110m-coreml/vocab.json
[03:51:43.088] [INFO] [FluidAudio.CtcModels] Successfully loaded CTC models (Parakeet CTC 110M (hybrid)) and vocabulary
[03:51:43.105] [DEBUG] [FluidAudio.CtcKeywordSpotter]   Audio input: count=16000/240000, abs_max=0.0001, mean=-0.000001
[03:51:43.106] [DEBUG] [FluidAudio.CtcKeywordSpotter]   mid_5=[-0.0000, -0.0000, 0.0000, -0.0000, -0.0001]
[03:51:43.112] [DEBUG] [FluidAudio.CtcKeywordSpotter] Mel features shape: [1, 1, 1501, 80], mel_length: 1501
[03:51:43.284] [DEBUG] [FluidAudio.CtcKeywordSpotter] CTC outputs available: ctc_head_raw_output=true, ctc_head_output=true
[03:51:43.284] [DEBUG] [FluidAudio.CtcKeywordSpotter] CTC raw output shape: [1, 1025, 1, 188]
[03:51:43.284] [DEBUG] [FluidAudio.CtcKeywordSpotter] Using output: ctc_head_raw_output (raw logits)
[03:51:43.661] [DEBUG] [FluidAudio.CtcKeywordSpotter] [DEBUG] Trimming CTC frames:
[03:51:43.662] [DEBUG] [FluidAudio.CtcKeywordSpotter] [DEBUG]   totalFrames=188, sampleCount=16000, maxModelSamples=240000
[03:51:43.662] [DEBUG] [FluidAudio.CtcKeywordSpotter] [DEBUG]   samplesPerFrame=1276.60, validFrames=13, clampedFrames=13
[03:51:43.662] [DEBUG] [FluidAudio.CtcKeywordSpotter] Log-probs: 13 frames (total: 188), vocab size: 1025
[03:51:43.716] [DEBUG] [FluidAudio.ChunkProcessor] ChunkProcessor using worker pool of size 4
[03:51:46.724] [DEBUG] [FluidAudio.CtcKeywordSpotter] === Chunked CTC Processing ===
[03:51:46.724] [DEBUG] [FluidAudio.CtcKeywordSpotter] Total samples: 1425947 (89.12s)
[03:51:46.724] [DEBUG] [FluidAudio.CtcKeywordSpotter] Chunk size: 240000, overlap: 32000, stride: 208000
[03:51:46.724] [DEBUG] [FluidAudio.CtcKeywordSpotter] Number of chunks: 7
[03:51:46.724] [DEBUG] [FluidAudio.CtcKeywordSpotter]   Chunk 1/7: samples [0-240000] = [0.00-15.00s]
[03:51:46.884] [DEBUG] [FluidAudio.CtcKeywordSpotter]   Audio input: count=240000/240000, abs_max=0.7934, mean=-0.000183
[03:51:46.884] [DEBUG] [FluidAudio.CtcKeywordSpotter]   mid_5=[-0.0393, -0.0404, -0.0447, -0.0486, -0.0487]
[03:51:46.887] [DEBUG] [FluidAudio.CtcKeywordSpotter] Mel features shape: [1, 1, 1501, 80], mel_length: 1501
[03:51:47.083] [DEBUG] [FluidAudio.CtcKeywordSpotter] CTC outputs available: ctc_head_raw_output=true, ctc_head_output=true
[03:51:47.083] [DEBUG] [FluidAudio.CtcKeywordSpotter] CTC raw output shape: [1, 1025, 1, 188]
[03:51:47.083] [DEBUG] [FluidAudio.CtcKeywordSpotter] Using output: ctc_head_raw_output (raw logits)
[03:51:47.452] [DEBUG] [FluidAudio.CtcKeywordSpotter] Log-probs: 188 frames (total: 188), vocab size: 1025
[03:51:47.452] [DEBUG] [FluidAudio.CtcKeywordSpotter]     -> 188 frames, frameDuration=0.0798s
[03:51:47.452] [DEBUG] [FluidAudio.CtcKeywordSpotter]   Chunk 2/7: samples [208000-448000] = [13.00-28.00s]
[03:51:47.619] [DEBUG] [FluidAudio.CtcKeywordSpotter]   Audio input: count=240000/240000, abs_max=0.7947, mean=-0.000189
[03:51:47.619] [DEBUG] [FluidAudio.CtcKeywordSpotter]   mid_5=[-0.1968, -0.1963, -0.1867, -0.1709, -0.1424]
[03:51:47.622] [DEBUG] [FluidAudio.CtcKeywordSpotter] Mel features shape: [1, 1, 1501, 80], mel_length: 1501
[03:51:47.712] [DEBUG] [FluidAudio.CtcKeywordSpotter] CTC outputs available: ctc_head_raw_output=true, ctc_head_output=true
[03:51:47.712] [DEBUG] [FluidAudio.CtcKeywordSpotter] Using output: ctc_head_raw_output (raw logits)
[03:51:47.712] [DEBUG] [FluidAudio.CtcKeywordSpotter] CTC raw output shape: [1, 1025, 1, 188]
[03:51:48.074] [DEBUG] [FluidAudio.CtcKeywordSpotter] Log-probs: 188 frames (total: 188), vocab size: 1025
[03:51:48.074] [DEBUG] [FluidAudio.CtcKeywordSpotter]     -> 188 frames, frameDuration=0.0798s
[03:51:48.074] [DEBUG] [FluidAudio.CtcKeywordSpotter]   Chunk 3/7: samples [416000-656000] = [26.00-41.00s]
[03:51:48.228] [DEBUG] [FluidAudio.CtcKeywordSpotter]   Audio input: count=240000/240000, abs_max=0.7880, mean=-0.000214
[03:51:48.228] [DEBUG] [FluidAudio.CtcKeywordSpotter]   mid_5=[0.0001, 0.0001, 0.0001, -0.0000, -0.0000]
[03:51:48.230] [DEBUG] [FluidAudio.CtcKeywordSpotter] Mel features shape: [1, 1, 1501, 80], mel_length: 1501
[03:51:48.314] [DEBUG] [FluidAudio.CtcKeywordSpotter] CTC outputs available: ctc_head_raw_output=true, ctc_head_output=true
[03:51:48.315] [DEBUG] [FluidAudio.CtcKeywordSpotter] CTC raw output shape: [1, 1025, 1, 188]
[03:51:48.315] [DEBUG] [FluidAudio.CtcKeywordSpotter] Using output: ctc_head_raw_output (raw logits)
[03:51:48.682] [DEBUG] [FluidAudio.CtcKeywordSpotter] Log-probs: 188 frames (total: 188), vocab size: 1025
[03:51:48.682] [DEBUG] [FluidAudio.CtcKeywordSpotter]     -> 188 frames, frameDuration=0.0798s
[03:51:48.683] [DEBUG] [FluidAudio.CtcKeywordSpotter]   Chunk 4/7: samples [624000-864000] = [39.00-54.00s]
[03:51:48.838] [DEBUG] [FluidAudio.CtcKeywordSpotter]   Audio input: count=240000/240000, abs_max=0.7709, mean=-0.000265
[03:51:48.838] [DEBUG] [FluidAudio.CtcKeywordSpotter]   mid_5=[-0.1315, -0.1317, -0.1812, -0.2086, -0.1971]
[03:51:48.840] [DEBUG] [FluidAudio.CtcKeywordSpotter] Mel features shape: [1, 1, 1501, 80], mel_length: 1501
[03:51:48.935] [DEBUG] [FluidAudio.CtcKeywordSpotter] CTC outputs available: ctc_head_raw_output=true, ctc_head_output=true
[03:51:48.935] [DEBUG] [FluidAudio.CtcKeywordSpotter] CTC raw output shape: [1, 1025, 1, 188]
[03:51:48.935] [DEBUG] [FluidAudio.CtcKeywordSpotter] Using output: ctc_head_raw_output (raw logits)
[03:51:49.448] [DEBUG] [FluidAudio.CtcKeywordSpotter] Log-probs: 188 frames (total: 188), vocab size: 1025
[03:51:49.448] [DEBUG] [FluidAudio.CtcKeywordSpotter]     -> 188 frames, frameDuration=0.0798s
[03:51:49.448] [DEBUG] [FluidAudio.CtcKeywordSpotter]   Chunk 5/7: samples [832000-1072000] = [52.00-67.00s]
[03:51:49.684] [DEBUG] [FluidAudio.CtcKeywordSpotter]   Audio input: count=240000/240000, abs_max=0.7751, mean=-0.000214
[03:51:49.684] [DEBUG] [FluidAudio.CtcKeywordSpotter]   mid_5=[-0.0000, 0.0000, 0.0000, -0.0000, -0.0000]
[03:51:49.687] [DEBUG] [FluidAudio.CtcKeywordSpotter] Mel features shape: [1, 1, 1501, 80], mel_length: 1501
[03:51:49.792] [DEBUG] [FluidAudio.CtcKeywordSpotter] CTC outputs available: ctc_head_raw_output=true, ctc_head_output=true
[03:51:49.792] [DEBUG] [FluidAudio.CtcKeywordSpotter] CTC raw output shape: [1, 1025, 1, 188]
[03:51:49.792] [DEBUG] [FluidAudio.CtcKeywordSpotter] Using output: ctc_head_raw_output (raw logits)
[03:51:50.276] [DEBUG] [FluidAudio.CtcKeywordSpotter] Log-probs: 188 frames (total: 188), vocab size: 1025
[03:51:50.276] [DEBUG] [FluidAudio.CtcKeywordSpotter]     -> 188 frames, frameDuration=0.0798s
[03:51:50.277] [DEBUG] [FluidAudio.CtcKeywordSpotter]   Chunk 6/7: samples [1040000-1280000] = [65.00-80.00s]
[03:51:50.461] [DEBUG] [FluidAudio.CtcKeywordSpotter]   Audio input: count=240000/240000, abs_max=0.8357, mean=-0.000254
[03:51:50.461] [DEBUG] [FluidAudio.CtcKeywordSpotter]   mid_5=[-0.1224, -0.0546, -0.0025, 0.0124, 0.0332]
[03:51:50.463] [DEBUG] [FluidAudio.CtcKeywordSpotter] Mel features shape: [1, 1, 1501, 80], mel_length: 1501
[03:51:50.598] [DEBUG] [FluidAudio.CtcKeywordSpotter] CTC outputs available: ctc_head_raw_output=true, ctc_head_output=true
[03:51:50.598] [DEBUG] [FluidAudio.CtcKeywordSpotter] CTC raw output shape: [1, 1025, 1, 188]
[03:51:50.598] [DEBUG] [FluidAudio.CtcKeywordSpotter] Using output: ctc_head_raw_output (raw logits)
[03:51:51.221] [DEBUG] [FluidAudio.CtcKeywordSpotter] Log-probs: 188 frames (total: 188), vocab size: 1025
[03:51:51.221] [DEBUG] [FluidAudio.CtcKeywordSpotter]     -> 188 frames, frameDuration=0.0798s
[03:51:51.221] [DEBUG] [FluidAudio.CtcKeywordSpotter]   Chunk 7/7: samples [1248000-1425947] = [78.00-89.12s]
[03:51:51.397] [DEBUG] [FluidAudio.CtcKeywordSpotter]   Audio input: count=177947/240000, abs_max=0.8357, mean=-0.000052
[03:51:51.397] [DEBUG] [FluidAudio.CtcKeywordSpotter]   mid_5=[-0.0029, 0.0304, 0.0215, 0.0159, -0.0002]
[03:51:51.400] [DEBUG] [FluidAudio.CtcKeywordSpotter] Mel features shape: [1, 1, 1501, 80], mel_length: 1501
[03:51:51.559] [DEBUG] [FluidAudio.CtcKeywordSpotter] CTC outputs available: ctc_head_raw_output=true, ctc_head_output=true
[03:51:51.560] [DEBUG] [FluidAudio.CtcKeywordSpotter] CTC raw output shape: [1, 1025, 1, 188]
[03:51:51.560] [DEBUG] [FluidAudio.CtcKeywordSpotter] Using output: ctc_head_raw_output (raw logits)
[03:51:52.085] [DEBUG] [FluidAudio.CtcKeywordSpotter] [DEBUG] Trimming CTC frames:
[03:51:52.085] [DEBUG] [FluidAudio.CtcKeywordSpotter] [DEBUG]   totalFrames=188, sampleCount=177947, maxModelSamples=240000
[03:51:52.085] [DEBUG] [FluidAudio.CtcKeywordSpotter] [DEBUG]   samplesPerFrame=1276.60, validFrames=140, clampedFrames=140
[03:51:52.085] [DEBUG] [FluidAudio.CtcKeywordSpotter] Log-probs: 140 frames (total: 188), vocab size: 1025
[03:51:52.086] [DEBUG] [FluidAudio.CtcKeywordSpotter]     -> 140 frames, frameDuration=0.0794s
[03:51:52.117] [DEBUG] [FluidAudio.CtcKeywordSpotter] Concatenated: 1118 total frames
[03:51:52.117] [DEBUG] [FluidAudio.CtcKeywordSpotter] Overlap frames averaged: 25 per boundary
[03:51:52.117] [DEBUG] [FluidAudio.CtcKeywordSpotter] ==============================
[03:51:52.122] [DEBUG] [FluidAudio.VocabularyRescorer] === VocabularyRescorer (Constrained CTC - Term-Centric) ===
[03:51:52.122] [DEBUG] [FluidAudio.VocabularyRescorer] Words: 311, Frames: 1118
[03:51:52.122] [DEBUG] [FluidAudio.VocabularyRescorer] Frame duration: 0.0798s
[03:51:52.122] [DEBUG] [FluidAudio.VocabularyRescorer] CBW: 4.5, Margin: 0.5s, MinSimilarity: 0.6
[03:51:52.223] [DEBUG] [FluidAudio.VocabularyRescorer]   [MULTI] 'Finally, BirdTown Flow' vs 'Birdtown Flow' (sim=0.62, span=3)
[03:51:52.223] [DEBUG] [FluidAudio.VocabularyRescorer]     TDT span: [56.24-58.08s]
[03:51:52.223] [DEBUG] [FluidAudio.VocabularyRescorer]     CTC('Finally, BirdTown Flow'): -2.71
[03:51:52.223] [DEBUG] [FluidAudio.VocabularyRescorer]     CTC('Birdtown Flow' [boundary]): -2.84 + cbw=adaptive=6.15 (base=4.5, tokens=7) = 3.31
[03:51:52.223] [DEBUG] [FluidAudio.VocabularyRescorer]     -> REPLACE (vocab > original)
[03:51:52.246] [DEBUG] [FluidAudio.VocabularyRescorer]   [MULTI] 'BirdTown Flow will' vs 'Birdtown Flow' (sim=0.72, span=3)
[03:51:52.246] [DEBUG] [FluidAudio.VocabularyRescorer]     TDT span: [57.04-58.24s]
[03:51:52.246] [DEBUG] [FluidAudio.VocabularyRescorer]     CTC('BirdTown Flow will'): -2.49
[03:51:52.246] [DEBUG] [FluidAudio.VocabularyRescorer]     -> REPLACE (vocab > original)
[03:51:52.246] [DEBUG] [FluidAudio.VocabularyRescorer]     CTC('Birdtown Flow' [boundary]): -2.84 + cbw=adaptive=6.15 (base=4.5, tokens=7) = 3.31
[03:51:52.261] [DEBUG] [FluidAudio.VocabularyRescorer] Final: Good morning everyone. Before we get into the numbers, I want to thank the support team for a remarkable quarter. They answered more tickets than ever before, and our satisfaction scores went up at the same time. That is not an accident, it comes from the training sessions we started in the spring, and from the new routing rules. We will keep both, and next month we will add a weekly review of the hardest cases, so that everyone learns from them. I also want to welcome the four people who joined us this quarter. Some of you have met them already. If you have not, please find a moment this week to say hello, and show them how we work. The second thing I want to cover is the launch plan for the autumn release, which moves the beta to the first week of October and the public release to the middle of November and gives the design team two extra weeks to finish the onboarding flow and the new setting screens while engineering focuses on performance and the long list of small fixes that customers keep asking about in every survey we send. Finally, Birdtown Flow be part of the release, and we will dictate the release notes with it as a test. If it does well, we will use it for the documentation too. The budget for next year is due at the end of the month. Every team lead should have the template by now, please keep the estimates honest, and tell me early if something is likely to slip, because surprises in December help nobody, we have a lot to be proud of, and a lot still to do, please send me your questions before Friday, and I will answer them at the next meeting. Thank you all for listening, and have a great week.
[03:51:52.262] [DEBUG] [FluidAudio.VocabularyRescorer] Replacements: 1
[03:51:52.262] [DEBUG] [FluidAudio.VocabularyRescorer] ===========================================
[03:51:53.805] [DEBUG] [FluidAudio.CtcKeywordSpotter]   mid_5=[-0.0000, -0.0000, 0.0000, 0.0000, 0.0000]
[03:51:53.805] [DEBUG] [FluidAudio.CtcKeywordSpotter]   Audio input: count=202240/240000, abs_max=0.7934, mean=-0.000163
[03:51:53.809] [DEBUG] [FluidAudio.CtcKeywordSpotter] Mel features shape: [1, 1, 1501, 80], mel_length: 1501
[03:51:53.995] [DEBUG] [FluidAudio.CtcKeywordSpotter] CTC outputs available: ctc_head_raw_output=true, ctc_head_output=true
[03:51:53.995] [DEBUG] [FluidAudio.CtcKeywordSpotter] CTC raw output shape: [1, 1025, 1, 188]
[03:51:53.995] [DEBUG] [FluidAudio.CtcKeywordSpotter] Using output: ctc_head_raw_output (raw logits)
[03:51:54.428] [DEBUG] [FluidAudio.CtcKeywordSpotter] [DEBUG] Trimming CTC frames:
[03:51:54.428] [DEBUG] [FluidAudio.CtcKeywordSpotter] [DEBUG]   totalFrames=188, sampleCount=202240, maxModelSamples=240000
[03:51:54.428] [DEBUG] [FluidAudio.CtcKeywordSpotter] [DEBUG]   samplesPerFrame=1276.60, validFrames=159, clampedFrames=159
[03:51:54.428] [DEBUG] [FluidAudio.CtcKeywordSpotter] Log-probs: 159 frames (total: 188), vocab size: 1025
[03:51:54.428] [DEBUG] [FluidAudio.VocabularyRescorer] === VocabularyRescorer (Constrained CTC - Term-Centric) ===
[03:51:54.428] [DEBUG] [FluidAudio.VocabularyRescorer] Words: 38, Frames: 159
[03:51:54.428] [DEBUG] [FluidAudio.VocabularyRescorer] Frame duration: 0.0795s
[03:51:54.428] [DEBUG] [FluidAudio.VocabularyRescorer] CBW: 4.5, Margin: 0.5s, MinSimilarity: 0.6
[03:51:54.439] [DEBUG] [FluidAudio.VocabularyRescorer] Final: Good morning everyone. Before we get into the numbers, I want to thank the support team for a remarkable quarter. They answered more tickets than ever before, and our satisfaction scores went up at the same time, that
[03:51:54.439] [DEBUG] [FluidAudio.VocabularyRescorer] Replacements: 0
[03:51:54.439] [DEBUG] [FluidAudio.VocabularyRescorer] ===========================================
[03:51:55.123] [DEBUG] [FluidAudio.CtcKeywordSpotter]   Audio input: count=163200/240000, abs_max=0.7771, mean=-0.000224
[03:51:55.123] [DEBUG] [FluidAudio.CtcKeywordSpotter]   mid_5=[-0.2571, -0.2509, -0.2451, -0.2395, -0.2330]
[03:51:55.124] [DEBUG] [FluidAudio.CtcKeywordSpotter] Mel features shape: [1, 1, 1501, 80], mel_length: 1501
[03:51:55.244] [DEBUG] [FluidAudio.CtcKeywordSpotter] CTC outputs available: ctc_head_raw_output=true, ctc_head_output=true
[03:51:55.245] [DEBUG] [FluidAudio.CtcKeywordSpotter] CTC raw output shape: [1, 1025, 1, 188]
[03:51:55.245] [DEBUG] [FluidAudio.CtcKeywordSpotter] Using output: ctc_head_raw_output (raw logits)
[03:51:55.669] [DEBUG] [FluidAudio.CtcKeywordSpotter] [DEBUG] Trimming CTC frames:
[03:51:55.669] [DEBUG] [FluidAudio.CtcKeywordSpotter] [DEBUG]   totalFrames=188, sampleCount=163200, maxModelSamples=240000
[03:51:55.669] [DEBUG] [FluidAudio.CtcKeywordSpotter] [DEBUG]   samplesPerFrame=1276.60, validFrames=128, clampedFrames=128
[03:51:55.669] [DEBUG] [FluidAudio.CtcKeywordSpotter] Log-probs: 128 frames (total: 188), vocab size: 1025
[03:51:55.669] [DEBUG] [FluidAudio.VocabularyRescorer] === VocabularyRescorer (Constrained CTC - Term-Centric) ===
[03:51:55.669] [DEBUG] [FluidAudio.VocabularyRescorer] Words: 26, Frames: 128
[03:51:55.669] [DEBUG] [FluidAudio.VocabularyRescorer] Frame duration: 0.0797s
[03:51:55.669] [DEBUG] [FluidAudio.VocabularyRescorer] CBW: 4.5, Margin: 0.5s, MinSimilarity: 0.6
[03:51:55.676] [DEBUG] [FluidAudio.VocabularyRescorer] Final: is not an accident, it comes from the training sessions we started in the spring, and from the new routing rules, we will keep both, and
[03:51:55.676] [DEBUG] [FluidAudio.VocabularyRescorer] Replacements: 0
[03:51:55.676] [DEBUG] [FluidAudio.VocabularyRescorer] ===========================================
[03:51:56.511] [DEBUG] [FluidAudio.CtcKeywordSpotter]   Audio input: count=222080/240000, abs_max=0.7947, mean=-0.000149
[03:51:56.512] [DEBUG] [FluidAudio.CtcKeywordSpotter]   mid_5=[-0.0937, -0.0930, -0.0920, -0.0923, -0.0956]
[03:51:56.515] [DEBUG] [FluidAudio.CtcKeywordSpotter] Mel features shape: [1, 1, 1501, 80], mel_length: 1501
[03:51:56.716] [DEBUG] [FluidAudio.CtcKeywordSpotter] CTC outputs available: ctc_head_raw_output=true, ctc_head_output=true
[03:51:56.716] [DEBUG] [FluidAudio.CtcKeywordSpotter] CTC raw output shape: [1, 1025, 1, 188]
[03:51:56.716] [DEBUG] [FluidAudio.CtcKeywordSpotter] Using output: ctc_head_raw_output (raw logits)
[03:51:57.208] [DEBUG] [FluidAudio.CtcKeywordSpotter] [DEBUG] Trimming CTC frames:
[03:51:57.208] [DEBUG] [FluidAudio.CtcKeywordSpotter] [DEBUG]   totalFrames=188, sampleCount=222080, maxModelSamples=240000
[03:51:57.209] [DEBUG] [FluidAudio.CtcKeywordSpotter] [DEBUG]   samplesPerFrame=1276.60, validFrames=174, clampedFrames=174
[03:51:57.209] [DEBUG] [FluidAudio.CtcKeywordSpotter] Log-probs: 174 frames (total: 188), vocab size: 1025
[03:51:57.209] [DEBUG] [FluidAudio.VocabularyRescorer] === VocabularyRescorer (Constrained CTC - Term-Centric) ===
[03:51:57.209] [DEBUG] [FluidAudio.VocabularyRescorer] Words: 39, Frames: 174
[03:51:57.209] [DEBUG] [FluidAudio.VocabularyRescorer] Frame duration: 0.0798s
[03:51:57.209] [DEBUG] [FluidAudio.VocabularyRescorer] CBW: 4.5, Margin: 0.5s, MinSimilarity: 0.6
[03:51:57.216] [DEBUG] [FluidAudio.VocabularyRescorer] Final: next month we will add a weekly review of the hardest cases, so that everyone learns from them. I also want to welcome the four people who joined us this quarter, some of you have met them already, if
[03:51:57.217] [DEBUG] [FluidAudio.VocabularyRescorer] Replacements: 0
[03:51:57.217] [DEBUG] [FluidAudio.VocabularyRescorer] ===========================================
[03:51:57.934] [DEBUG] [FluidAudio.CtcKeywordSpotter]   mid_5=[-0.1168, -0.1447, -0.1545, -0.1602, -0.1761]
[03:51:57.934] [DEBUG] [FluidAudio.CtcKeywordSpotter]   Audio input: count=201280/240000, abs_max=0.7880, mean=-0.000176
[03:51:57.936] [DEBUG] [FluidAudio.CtcKeywordSpotter] Mel features shape: [1, 1, 1501, 80], mel_length: 1501
[03:51:58.081] [DEBUG] [FluidAudio.CtcKeywordSpotter] CTC outputs available: ctc_head_raw_output=true, ctc_head_output=true
[03:51:58.081] [DEBUG] [FluidAudio.CtcKeywordSpotter] CTC raw output shape: [1, 1025, 1, 188]
[03:51:58.081] [DEBUG] [FluidAudio.CtcKeywordSpotter] Using output: ctc_head_raw_output (raw logits)
[03:51:58.463] [DEBUG] [FluidAudio.CtcKeywordSpotter] [DEBUG] Trimming CTC frames:
[03:51:58.463] [DEBUG] [FluidAudio.CtcKeywordSpotter] [DEBUG]   totalFrames=188, sampleCount=201280, maxModelSamples=240000
[03:51:58.463] [DEBUG] [FluidAudio.CtcKeywordSpotter] [DEBUG]   samplesPerFrame=1276.60, validFrames=158, clampedFrames=158
[03:51:58.463] [DEBUG] [FluidAudio.CtcKeywordSpotter] Log-probs: 158 frames (total: 188), vocab size: 1025
[03:51:58.464] [DEBUG] [FluidAudio.VocabularyRescorer] === VocabularyRescorer (Constrained CTC - Term-Centric) ===
[03:51:58.464] [DEBUG] [FluidAudio.VocabularyRescorer] Words: 37, Frames: 158
[03:51:58.464] [DEBUG] [FluidAudio.VocabularyRescorer] Frame duration: 0.0796s
[03:51:58.464] [DEBUG] [FluidAudio.VocabularyRescorer] CBW: 4.5, Margin: 0.5s, MinSimilarity: 0.6
[03:51:58.471] [DEBUG] [FluidAudio.VocabularyRescorer] Final: you have not, please find a moment this week to say hello, and show them how we work. The second thing I want to cover is the launch plan for the autumn release which moves the beta
[03:51:58.471] [DEBUG] [FluidAudio.VocabularyRescorer] Replacements: 0
[03:51:58.471] [DEBUG] [FluidAudio.VocabularyRescorer] ===========================================
[03:51:58.967] [DEBUG] [FluidAudio.CtcKeywordSpotter]   Audio input: count=145920/240000, abs_max=0.7709, mean=-0.000265
[03:51:58.967] [DEBUG] [FluidAudio.CtcKeywordSpotter]   mid_5=[0.0714, 0.0667, 0.0623, 0.0594, 0.0573]
[03:51:58.969] [DEBUG] [FluidAudio.CtcKeywordSpotter] Mel features shape: [1, 1, 1501, 80], mel_length: 1501
[03:51:59.056] [DEBUG] [FluidAudio.CtcKeywordSpotter] CTC outputs available: ctc_head_raw_output=true, ctc_head_output=true
[03:51:59.056] [DEBUG] [FluidAudio.CtcKeywordSpotter] CTC raw output shape: [1, 1025, 1, 188]
[03:51:59.056] [DEBUG] [FluidAudio.CtcKeywordSpotter] Using output: ctc_head_raw_output (raw logits)
[03:51:59.402] [DEBUG] [FluidAudio.CtcKeywordSpotter] [DEBUG] Trimming CTC frames:
[03:51:59.402] [DEBUG] [FluidAudio.CtcKeywordSpotter] [DEBUG]   totalFrames=188, sampleCount=145920, maxModelSamples=240000
[03:51:59.402] [DEBUG] [FluidAudio.CtcKeywordSpotter] [DEBUG]   samplesPerFrame=1276.60, validFrames=115, clampedFrames=115
[03:51:59.402] [DEBUG] [FluidAudio.CtcKeywordSpotter] Log-probs: 115 frames (total: 188), vocab size: 1025
[03:51:59.403] [DEBUG] [FluidAudio.VocabularyRescorer] === VocabularyRescorer (Constrained CTC - Term-Centric) ===
[03:51:59.403] [DEBUG] [FluidAudio.VocabularyRescorer] Words: 22, Frames: 115
[03:51:59.403] [DEBUG] [FluidAudio.VocabularyRescorer] Frame duration: 0.0793s
[03:51:59.403] [DEBUG] [FluidAudio.VocabularyRescorer] CBW: 4.5, Margin: 0.5s, MinSimilarity: 0.6
[03:51:59.408] [DEBUG] [FluidAudio.VocabularyRescorer] Final: to the first week of October and the public release to the middle of November and gives the design team two extra
[03:51:59.408] [DEBUG] [FluidAudio.VocabularyRescorer] Replacements: 0
[03:51:59.408] [DEBUG] [FluidAudio.VocabularyRescorer] ===========================================
[03:52:00.049] [DEBUG] [FluidAudio.CtcKeywordSpotter]   Audio input: count=216320/240000, abs_max=0.7751, mean=-0.000219
[03:52:00.049] [DEBUG] [FluidAudio.CtcKeywordSpotter]   mid_5=[0.2223, 0.2029, 0.1852, 0.1643, 0.1352]
[03:52:00.054] [DEBUG] [FluidAudio.CtcKeywordSpotter] Mel features shape: [1, 1, 1501, 80], mel_length: 1501
[03:52:00.192] [DEBUG] [FluidAudio.CtcKeywordSpotter] CTC outputs available: ctc_head_raw_output=true, ctc_head_output=true
[03:52:00.192] [DEBUG] [FluidAudio.CtcKeywordSpotter] CTC raw output shape: [1, 1025, 1, 188]
[03:52:00.192] [DEBUG] [FluidAudio.CtcKeywordSpotter] Using output: ctc_head_raw_output (raw logits)
[03:52:00.569] [DEBUG] [FluidAudio.CtcKeywordSpotter] [DEBUG] Trimming CTC frames:
[03:52:00.569] [DEBUG] [FluidAudio.CtcKeywordSpotter] [DEBUG]   totalFrames=188, sampleCount=216320, maxModelSamples=240000
[03:52:00.569] [DEBUG] [FluidAudio.CtcKeywordSpotter] [DEBUG]   samplesPerFrame=1276.60, validFrames=170, clampedFrames=170
[03:52:00.569] [DEBUG] [FluidAudio.CtcKeywordSpotter] Log-probs: 170 frames (total: 188), vocab size: 1025
[03:52:00.570] [DEBUG] [FluidAudio.VocabularyRescorer] === VocabularyRescorer (Constrained CTC - Term-Centric) ===
[03:52:00.570] [DEBUG] [FluidAudio.VocabularyRescorer] Words: 33, Frames: 170
[03:52:00.570] [DEBUG] [FluidAudio.VocabularyRescorer] Frame duration: 0.0795s
[03:52:00.570] [DEBUG] [FluidAudio.VocabularyRescorer] CBW: 4.5, Margin: 0.5s, MinSimilarity: 0.6
[03:52:00.576] [DEBUG] [FluidAudio.VocabularyRescorer] Final: weeks to finish the onboarding flow and the new setting screens while engineering focuses on performance and the long list of small fixes that customers keep asking about in every survey we send.
[03:52:00.576] [DEBUG] [FluidAudio.VocabularyRescorer] Replacements: 0
[03:52:00.576] [DEBUG] [FluidAudio.VocabularyRescorer] ===========================================
[03:52:01.176] [DEBUG] [FluidAudio.CtcKeywordSpotter]   Audio input: count=202880/240000, abs_max=0.7751, mean=-0.000161
[03:52:01.177] [DEBUG] [FluidAudio.CtcKeywordSpotter]   mid_5=[-0.2097, -0.2017, -0.1641, -0.1048, -0.0175]
[03:52:01.179] [DEBUG] [FluidAudio.CtcKeywordSpotter] Mel features shape: [1, 1, 1501, 80], mel_length: 1501
[03:52:01.268] [DEBUG] [FluidAudio.CtcKeywordSpotter] CTC outputs available: ctc_head_raw_output=true, ctc_head_output=true
[03:52:01.268] [DEBUG] [FluidAudio.CtcKeywordSpotter] CTC raw output shape: [1, 1025, 1, 188]
[03:52:01.268] [DEBUG] [FluidAudio.CtcKeywordSpotter] Using output: ctc_head_raw_output (raw logits)
[03:52:01.618] [DEBUG] [FluidAudio.CtcKeywordSpotter] [DEBUG] Trimming CTC frames:
[03:52:01.618] [DEBUG] [FluidAudio.CtcKeywordSpotter] [DEBUG]   totalFrames=188, sampleCount=202880, maxModelSamples=240000
[03:52:01.618] [DEBUG] [FluidAudio.CtcKeywordSpotter] [DEBUG]   samplesPerFrame=1276.60, validFrames=159, clampedFrames=159
[03:52:01.618] [DEBUG] [FluidAudio.CtcKeywordSpotter] Log-probs: 159 frames (total: 188), vocab size: 1025
[03:52:01.619] [DEBUG] [FluidAudio.VocabularyRescorer] === VocabularyRescorer (Constrained CTC - Term-Centric) ===
[03:52:01.619] [DEBUG] [FluidAudio.VocabularyRescorer] Words: 35, Frames: 159
[03:52:01.619] [DEBUG] [FluidAudio.VocabularyRescorer] Frame duration: 0.0797s
[03:52:01.619] [DEBUG] [FluidAudio.VocabularyRescorer] CBW: 4.5, Margin: 0.5s, MinSimilarity: 0.6
[03:52:01.646] [DEBUG] [FluidAudio.VocabularyRescorer]   [MULTI] 'Finally, Birdtown flow' vs 'Birdtown Flow' (sim=0.62, span=3)
[03:52:01.646] [DEBUG] [FluidAudio.VocabularyRescorer]     TDT span: [2.08-3.84s]
[03:52:01.646] [DEBUG] [FluidAudio.VocabularyRescorer]     CTC('Finally, Birdtown flow'): -2.22
[03:52:01.646] [DEBUG] [FluidAudio.VocabularyRescorer]     CTC('Birdtown Flow' [boundary]): -2.14 + cbw=adaptive=6.15 (base=4.5, tokens=7) = 4.01
[03:52:01.646] [DEBUG] [FluidAudio.VocabularyRescorer]     -> REPLACE (vocab > original)
[03:52:01.667] [DEBUG] [FluidAudio.VocabularyRescorer]   [MULTI] 'Birdtown flow will' vs 'Birdtown Flow' (sim=0.72, span=3)
[03:52:01.667] [DEBUG] [FluidAudio.VocabularyRescorer]     TDT span: [2.80-4.08s]
[03:52:01.667] [DEBUG] [FluidAudio.VocabularyRescorer]     CTC('Birdtown flow will'): -1.91
[03:52:01.667] [DEBUG] [FluidAudio.VocabularyRescorer]     CTC('Birdtown Flow' [boundary]): -2.14 + cbw=adaptive=6.15 (base=4.5, tokens=7) = 4.01
[03:52:01.667] [DEBUG] [FluidAudio.VocabularyRescorer]     -> REPLACE (vocab > original)
[03:52:01.672] [DEBUG] [FluidAudio.VocabularyRescorer] Final: Finally, Birdtown Flow be part of the release, and we will dictate the release notes with it as a test, if it does well, we will use it for the documentation too, the budget
[03:52:01.672] [DEBUG] [FluidAudio.VocabularyRescorer] Replacements: 1
[03:52:01.672] [DEBUG] [FluidAudio.VocabularyRescorer] ===========================================
[03:52:02.291] [DEBUG] [FluidAudio.CtcKeywordSpotter]   Audio input: count=163840/240000, abs_max=0.7905, mean=-0.000244
[03:52:02.291] [DEBUG] [FluidAudio.CtcKeywordSpotter]   mid_5=[-0.1024, -0.1229, -0.1500, -0.1572, -0.0950]
[03:52:02.294] [DEBUG] [FluidAudio.CtcKeywordSpotter] Mel features shape: [1, 1, 1501, 80], mel_length: 1501
[03:52:02.419] [DEBUG] [FluidAudio.CtcKeywordSpotter] CTC outputs available: ctc_head_raw_output=true, ctc_head_output=true
[03:52:02.419] [DEBUG] [FluidAudio.CtcKeywordSpotter] CTC raw output shape: [1, 1025, 1, 188]
[03:52:02.419] [DEBUG] [FluidAudio.CtcKeywordSpotter] Using output: ctc_head_raw_output (raw logits)
[03:52:02.831] [DEBUG] [FluidAudio.CtcKeywordSpotter] [DEBUG] Trimming CTC frames:
[03:52:02.831] [DEBUG] [FluidAudio.CtcKeywordSpotter] [DEBUG]   totalFrames=188, sampleCount=163840, maxModelSamples=240000
[03:52:02.831] [DEBUG] [FluidAudio.CtcKeywordSpotter] [DEBUG]   samplesPerFrame=1276.60, validFrames=129, clampedFrames=129
[03:52:02.831] [DEBUG] [FluidAudio.CtcKeywordSpotter] Log-probs: 129 frames (total: 188), vocab size: 1025
[03:52:02.832] [DEBUG] [FluidAudio.VocabularyRescorer] === VocabularyRescorer (Constrained CTC - Term-Centric) ===
[03:52:02.832] [DEBUG] [FluidAudio.VocabularyRescorer] Words: 27, Frames: 129
[03:52:02.832] [DEBUG] [FluidAudio.VocabularyRescorer] Frame duration: 0.0794s
[03:52:02.832] [DEBUG] [FluidAudio.VocabularyRescorer] CBW: 4.5, Margin: 0.5s, MinSimilarity: 0.6
[03:52:02.836] [DEBUG] [FluidAudio.VocabularyRescorer] Final: for next year is due at the end of the month. Every team lead should have the template by now. Please keep the estimates honest, and tell
[03:52:02.836] [DEBUG] [FluidAudio.VocabularyRescorer] Replacements: 0
[03:52:02.836] [DEBUG] [FluidAudio.VocabularyRescorer] ===========================================
[03:52:03.460] [DEBUG] [FluidAudio.CtcKeywordSpotter]   Audio input: count=180800/240000, abs_max=0.8357, mean=-0.000131
[03:52:03.460] [DEBUG] [FluidAudio.CtcKeywordSpotter]   mid_5=[-0.1674, -0.1588, -0.1557, -0.1602, -0.1515]
[03:52:03.463] [DEBUG] [FluidAudio.CtcKeywordSpotter] Mel features shape: [1, 1, 1501, 80], mel_length: 1501
[03:52:03.563] [DEBUG] [FluidAudio.CtcKeywordSpotter] CTC outputs available: ctc_head_raw_output=true, ctc_head_output=true
[03:52:03.563] [DEBUG] [FluidAudio.CtcKeywordSpotter] CTC raw output shape: [1, 1025, 1, 188]
[03:52:03.563] [DEBUG] [FluidAudio.CtcKeywordSpotter] Using output: ctc_head_raw_output (raw logits)
[03:52:03.936] [DEBUG] [FluidAudio.CtcKeywordSpotter] [DEBUG] Trimming CTC frames:
[03:52:03.936] [DEBUG] [FluidAudio.CtcKeywordSpotter] [DEBUG]   totalFrames=188, sampleCount=180800, maxModelSamples=240000
[03:52:03.936] [DEBUG] [FluidAudio.CtcKeywordSpotter] [DEBUG]   samplesPerFrame=1276.60, validFrames=142, clampedFrames=142
[03:52:03.936] [DEBUG] [FluidAudio.CtcKeywordSpotter] Log-probs: 142 frames (total: 188), vocab size: 1025
[03:52:03.936] [DEBUG] [FluidAudio.VocabularyRescorer] === VocabularyRescorer (Constrained CTC - Term-Centric) ===
[03:52:03.936] [DEBUG] [FluidAudio.VocabularyRescorer] Words: 29, Frames: 142
[03:52:03.936] [DEBUG] [FluidAudio.VocabularyRescorer] Frame duration: 0.0796s
[03:52:03.937] [DEBUG] [FluidAudio.VocabularyRescorer] CBW: 4.5, Margin: 0.5s, MinSimilarity: 0.6
[03:52:03.943] [DEBUG] [FluidAudio.VocabularyRescorer] Final: me early if something is likely to slip, because surprises in December help nobody, we have a lot to be proud of, and a lot still to do. Please
[03:52:03.943] [DEBUG] [FluidAudio.VocabularyRescorer] Replacements: 0
[03:52:03.943] [DEBUG] [FluidAudio.VocabularyRescorer] ===========================================
[03:52:04.484] [DEBUG] [FluidAudio.CtcKeywordSpotter]   Audio input: count=153627/240000, abs_max=0.8357, mean=-0.000082
[03:52:04.485] [DEBUG] [FluidAudio.CtcKeywordSpotter]   mid_5=[-0.1023, -0.1138, -0.1164, -0.1114, -0.1218]
[03:52:04.487] [DEBUG] [FluidAudio.CtcKeywordSpotter] Mel features shape: [1, 1, 1501, 80], mel_length: 1501
[03:52:04.583] [DEBUG] [FluidAudio.CtcKeywordSpotter] CTC outputs available: ctc_head_raw_output=true, ctc_head_output=true
[03:52:04.583] [DEBUG] [FluidAudio.CtcKeywordSpotter] CTC raw output shape: [1, 1025, 1, 188]
[03:52:04.583] [DEBUG] [FluidAudio.CtcKeywordSpotter] Using output: ctc_head_raw_output (raw logits)
[03:52:04.945] [DEBUG] [FluidAudio.CtcKeywordSpotter] [DEBUG] Trimming CTC frames:
[03:52:04.945] [DEBUG] [FluidAudio.CtcKeywordSpotter] [DEBUG]   totalFrames=188, sampleCount=153627, maxModelSamples=240000
[03:52:04.945] [DEBUG] [FluidAudio.CtcKeywordSpotter] [DEBUG]   samplesPerFrame=1276.60, validFrames=121, clampedFrames=121
[03:52:04.945] [DEBUG] [FluidAudio.CtcKeywordSpotter] Log-probs: 121 frames (total: 188), vocab size: 1025
[03:52:04.945] [DEBUG] [FluidAudio.VocabularyRescorer] === VocabularyRescorer (Constrained CTC - Term-Centric) ===
[03:52:04.945] [DEBUG] [FluidAudio.VocabularyRescorer] Words: 25, Frames: 121
[03:52:04.945] [DEBUG] [FluidAudio.VocabularyRescorer] Frame duration: 0.0794s
[03:52:04.945] [DEBUG] [FluidAudio.VocabularyRescorer] CBW: 4.5, Margin: 0.5s, MinSimilarity: 0.6
[03:52:04.950] [DEBUG] [FluidAudio.VocabularyRescorer] Final: send me your questions before Friday, and I will answer them at the next meeting. Thank you all for listening, and have a great week.
[03:52:04.950] [DEBUG] [FluidAudio.VocabularyRescorer] Replacements: 0
[03:52:04.950] [DEBUG] [FluidAudio.VocabularyRescorer] ===========================================
[smoke] preparing Parakeet v3
[smoke] model state ready after 23.166340834 seconds
[smoke] 1425947 samples, 89.12 s
[segmented] boosting Birdtown Flow: ready
[segmented] whole · 8.586277375 seconds: Good morning everyone. Before we get into the numbers, I want to thank the support team for a remarkable quarter. They answered more tickets than ever before, and our satisfaction scores went up at the same time. That is not an accident, it comes from the training sessions we started in the spring, and from the new routing rules. We will keep both, and next month we will add a weekly review of the hardest cases, so that everyone learns from them. I also want to welcome the four people who joined us this quarter. Some of you have met them already. If you have not, please find a moment this week to say hello, and show them how we work. The second thing I want to cover is the launch plan for the autumn release, which moves the beta to the first week of October and the public release to the middle of November and gives the design team two extra weeks to finish the onboarding flow and the new setting screens while engineering focuses on performance and the long list of small fixes that customers keep asking about in every survey we send. Finally, Birdtown Flow will be part of the release, and we will dictate the release notes with it as a test. If it does well, we will use it for the documentation too. The budget for next year is due at the end of the month. Every team lead should have the template by now, please keep the estimates honest, and tell me early if something is likely to slip, because surprises in December help nobody, we have a lot to be proud of, and a lot still to do, please send me your questions before Friday, and I will answer them at the next meeting. Thank you all for listening, and have a great week.
[segmented] windows · 12.681842084 seconds: Good morning everyone. Before we get into the numbers, I want to thank the support team for a remarkable quarter. They answered more tickets than ever before, and our satisfaction scores went up at the same time, that is not an accident, it comes from the training sessions we started in the spring, and from the new routing rules, we will keep both, and next month we will add a weekly review of the hardest cases, so that everyone learns from them. I also want to welcome the four people who joined us this quarter, some of you have met them already, if you have not, please find a moment this week to say hello, and show them how we work. The second thing I want to cover is the launch plan for the autumn release which moves the beta to the first week of October and the public release to the middle of November and gives the design team two extra weeks to finish the onboarding flow and the new setting screens while engineering focuses on performance and the long list of small fixes that customers keep asking about in every survey we send. Finally, Birdtown Flow will be part of the release, and we will dictate the release notes with it as a test, if it does well, we will use it for the documentation too, the budget for next year is due at the end of the month. Every team lead should have the template by now. Please keep the estimates honest, and tell me early if something is likely to slip, because surprises in December help nobody, we have a lot to be proud of, and a lot still to do. Please send me your questions before Friday, and I will answer them at the next meeting. Thank you all for listening, and have a great week.
[segmented] transcribe windows=10 forced=1 cut=11670ms tail=1006ms tailBoost=567ms
[segmented] part 1: Good morning everyone. Before we get into the numbers, I want to thank the support team for a remarkable quarter. They answered more tickets than ever before, and our satisfaction scores went up at the same time, that
[segmented] part 2: is not an accident, it comes from the training sessions we started in the spring, and from the new routing rules, we will keep both, and
[segmented] part 3: next month we will add a weekly review of the hardest cases, so that everyone learns from them. I also want to welcome the four people who joined us this quarter, some of you have met them already, if
[segmented] part 4: you have not, please find a moment this week to say hello, and show them how we work. The second thing I want to cover is the launch plan for the autumn release which moves the beta
[segmented] part 5: to the first week of October and the public release to the middle of November and gives the design team two extra
[segmented] part 6: weeks to finish the onboarding flow and the new setting screens while engineering focuses on performance and the long list of small fixes that customers keep asking about in every survey we send.
[segmented] part 7: Finally, Birdtown Flow will be part of the release, and we will dictate the release notes with it as a test, if it does well, we will use it for the documentation too, the budget
[segmented] part 8: for next year is due at the end of the month. Every team lead should have the template by now. Please keep the estimates honest, and tell
[segmented] part 9: me early if something is likely to slip, because surprises in December help nobody, we have a lot to be proud of, and a lot still to do. Please
[segmented] part 10: send me your questions before Friday, and I will answer them at the next meeting. Thank you all for listening, and have a great week.
[segmented] boosted whole:   "BirdTown Flow" → "Birdtown Flow" ×1
[segmented] boosted windows: "Birdtown flow" → "Birdtown Flow" ×1
[segmented] ok: words changed ≤ 1.0% (0.00%, -0 +0 of 311)
[segmented] ok: no word doubled at a seam (none)
[segmented] ok: windows ≤ 1.75× the whole pass (1.48×)
[segmented] ok: slowest window ≤ 2× the whole pass's pace (2148 ms of 2890 ms, 10 windows)
[segmented] ok: a cut without a pause (1 forced)
[segmented] ok: boosting ready (CTC model and terms loaded)
[segmented] ok: "Birdtown Flow" in both (whole true, windows true)
